<html>
<body>
<pre>
<h1>µVision Build Log</h1>
<h2>Project:</h2>
D:\CS400\MICROCONTROLLER\program6.uvproj
Project File Date:  04/07/2025

<h2>Output:</h2>
Build target 'Target 1'
linking...
Program Size: Code=84 RO-data=0 RW-data=8 ZI-data=0  
".\program6.axf" - 0 Error(s), 0 Warning(s).
</pre>
</body>
</html>
ling p6.s...
"p6.s" - 0 Error(s), 0 Warning(s).
 A1163E: Unknown opcode r1,[r0] , expecting opcode or Macro
p6.s(6): error: A1163E: Unknown opcode r4,#16 , expecting opcode or Macro
p6.s(7): error: A1163E: Unknown opcode r2,#0 , expecting opcode or Macro
p6.s(8): error: A1163E: Unknown opcode r3,r2 , expecting opcode or Macro
p6.s(10): error: A1163E: Unknown opcode nxt , expecting opcode or Macro
p6.s(11): error: A1163E: Unknown opcode r2,r2,#1 , expecting opcode or Macro
p6.s(12): error: A1163E: Unknown opcode nxt , expecting opcode or Macro
p6.s(15): error: A1163E: Unknown opcode back , expecting opcode or Macro
p6.s(16): error: A1163E: Unknown opcode r3,[r5] , expecting opcode or Macro
p6.s(17): error: A1163E: Unknown opcode r2,[r6] , expecting opcode or Macro
p6.s(20): error: A1163E: Unknown opcode num2,data,read , expecting opcode or Macro
p6.s(21): error: A1163E: Unknown opcode ones , expecting opcode or Macro
p6.s(22): error: A1163E: Unknown opcode zeros , expecting opcode or Macro
".\program6.axf" - 15 Error(s), 0 Warning(s).
Target not created
