ARM Linker, 5.03 [Build 76] [MDK-ARM Lite]

==============================================================================

Section Cross References

    p6.o(num1) refers to p6.o(num2) for zeros


==============================================================================

Image Symbol Table

    Local Symbols

    Symbol Name                              Value     Ov Type        Size  Object(Section)

    num1                                     0x00000000   Section       84  p6.o(num1)
    p6.s                                     0x00000000   Number         0  p6.o ABSOLUTE
    num                                      0x00000044   Data           4  p6.o(num1)
    num2                                     0x40000000   Section        8  p6.o(num2)
    ones                                     0x40000000   Data           4  p6.o(num2)
    zeros                                    0x40000004   Data           4  p6.o(num2)

    Global Symbols

    Symbol Name                              Value     Ov Type        Size  Object(Section)

    BuildAttributes$$THM_ISAv1$ARM_ISAv4$S$PE$A:L22$X:L11$S22$IEEE1$IW$USESV6$~STKCKD$USESV7$~SHL$OSPACE$EBA8$STANDARDLIB$PRES8$EABIv2 0x00000000   Number         0  anon$$obj.o ABSOLUTE



==============================================================================

Memory Map of the image

  Image Entry point : 0x00000000

  Load Region LR_1 (Base: 0x00000000, Size: 0x0000005c, Max: 0xffffffff, ABSOLUTE)

    Execution Region ER_RO (Base: 0x00000000, Size: 0x00000054, Max: 0xffffffff, ABSOLUTE)

    Base Addr    Size         Type   Attr      Idx    E Section Name        Object

    0x00000000   0x00000054   Code   RO            1  * num1                p6.o


    Execution Region ER_RW (Base: 0x40000000, Size: 0x00000008, Max: 0xffffffff, ABSOLUTE)

    Base Addr    Size         Type   Attr      Idx    E Section Name        Object

    0x40000000   0x00000008   Data   RW            2    num2                p6.o


    Execution Region ER_ZI (Base: 0x40000008, Size: 0x00000000, Max: 0xffffffff, ABSOLUTE)

    **** No section assigned to this execution region ****


==============================================================================

Image component sizes


      Code (inc. data)   RO Data    RW Data    ZI Data      Debug   Object Name

        84         16          0          8          0        188   p6.o

    ----------------------------------------------------------------------
        84         16          0          8          0        188   Object Totals
         0          0          0          0          0          0   (incl. Generated)
         0          0          0          0          0          0   (incl. Padding)

    ----------------------------------------------------------------------
         0          0          0          0          0          0   Library Totals
         0          0          0          0          0          0   (incl. Padding)

    ----------------------------------------------------------------------

==============================================================================


      Code (inc. data)   RO Data    RW Data    ZI Data      Debug   

        84         16          0          8          0        188   Grand Totals
        84         16          0          8          0        188   ELF Image Totals
        84         16          0          8          0          0   ROM Totals

==============================================================================

    Total RO  Size (Code + RO Data)                   84 (   0.08kB)
    Total RW  Size (RW Data + ZI Data)                 8 (   0.01kB)
    Total ROM Size (Code + RO Data + RW Data)         92 (   0.09kB)

==============================================================================

